// Jest Snapshot v1, https://goo.gl/fbAQLP

exports[`App should match the App snapshot 1`] = `ShallowWrapper {}`;

exports[`Login should match the App snapshot 1`] = `ShallowWrapper {}`;

exports[`UserContainer should match the App snapshot 1`] = `ShallowWrapper {}`;

exports[`should match the App snapshot 1`] = `ShallowWrapper {}`;
